// Jest Snapshot v1, https://goo.gl/fbAQLP

exports[`<Landing /> renders by default 1`] = `
<section
  className="qtrail-section snap"
  id="qtrail-section"
>
  <h2>
    QuaranTrail
  </h2>
  <div
    className="links"
  >
    <p>
      <a
        href="https://quarantrail.now.sh/"
        rel="noopener noreferrer"
        target="_blank"
      >
        Live Link
      </a>
       
      |
       
      <a
        href="https://github.com/tpic12/Quarantrail-client"
        rel="noopener noreferrer"
        target="_blank"
      >
        GitHub
      </a>
    </p>
  </div>
  <div
    className="qtrail-circle"
  >
    <div
      className="logo-arrows"
    >
      <a
        href="#project-landing-section"
      >
        <FontAwesomeIcon
          border={false}
          className=""
          fixedWidth={false}
          flip={null}
          icon="chevron-left"
          inverse={false}
          listItem={false}
          mask={null}
          pull={null}
          pulse={false}
          rotation={null}
          size="lg"
          spin={false}
          swapOpacity={false}
          symbol={false}
          title=""
          transform={null}
        />
      </a>
      <button
        onClick={[Function]}
      >
        <img
          alt="quaran trail - stay home"
          src="qtrail-logo.png"
        />
      </button>
      <a
        href="#linus-section"
      >
        <FontAwesomeIcon
          border={false}
          className=""
          fixedWidth={false}
          flip={null}
          icon="chevron-right"
          inverse={false}
          listItem={false}
          mask={null}
          pull={null}
          pulse={false}
          rotation={null}
          size="lg"
          spin={false}
          swapOpacity={false}
          symbol={false}
          title=""
          transform={null}
        />
      </a>
    </div>
    <p>
      In this playful and lighthearted game, the world was struck with an awful pandemic and the player has to stay indoors. The goal is to practice social distancing and self quarantine while keeping one's boredom and infection level bar low for as many days as possible.
    </p>
  </div>
  <div
    className="tech-logos"
  >
    <FontAwesomeIcon
      border={false}
      className=""
      fixedWidth={false}
      flip={null}
      icon={
        Array [
          "fab",
          "react",
        ]
      }
      inverse={false}
      listItem={false}
      mask={null}
      pull={null}
      pulse={false}
      rotation={null}
      size="2x"
      spin={false}
      swapOpacity={false}
      symbol={false}
      title=""
      transform={null}
    />
    <FontAwesomeIcon
      border={false}
      className=""
      fixedWidth={false}
      flip={null}
      icon={
        Array [
          "fab",
          "css3",
        ]
      }
      inverse={false}
      listItem={false}
      mask={null}
      pull={null}
      pulse={false}
      rotation={null}
      size="2x"
      spin={false}
      swapOpacity={false}
      symbol={false}
      title=""
      transform={null}
    />
    <FontAwesomeIcon
      border={false}
      className=""
      fixedWidth={false}
      flip={null}
      icon={
        Array [
          "fab",
          "node-js",
        ]
      }
      inverse={false}
      listItem={false}
      mask={null}
      pull={null}
      pulse={false}
      rotation={null}
      size="2x"
      spin={false}
      swapOpacity={false}
      symbol={false}
      title=""
      transform={null}
    />
    <FontAwesomeIcon
      border={false}
      className=""
      fixedWidth={false}
      flip={null}
      icon={
        Array [
          "fas",
          "database",
        ]
      }
      inverse={false}
      listItem={false}
      mask={null}
      pull={null}
      pulse={false}
      rotation={null}
      size="2x"
      spin={false}
      swapOpacity={false}
      symbol={false}
      title=""
      transform={null}
    />
  </div>
  <div
    className="extra-tech"
  >
    <ul>
      <li>
        React Game Engine
      </li>
      <li>
        Express
      </li>
      <li>
        Mocha
      </li>
      <li>
        Chai
      </li>
      <li>
        Jest
      </li>
    </ul>
  </div>
</section>
`;
