// Jest Snapshot v1, https://goo.gl/fbAQLP

exports[`<Landing /> renders by default 1`] = `
<section
  className="linus-section snap"
  id="linus-section"
>
  <h2>
    Linus
  </h2>
  <div
    className="links"
  >
    <p>
      <a
        href="https://linus-ten.now.sh/"
        rel="noopener noreferrer"
        target="_blank"
      >
        Live Link
      </a>
       
      |
       
      <a
        href="https://github.com/tpic12/Linus-Client"
        rel="noopener noreferrer"
        target="_blank"
      >
        GitHub
      </a>
    </p>
  </div>
  <div
    className="linus-circle"
  >
    <div
      className="logo-arrows"
    >
      <a
        href="#qtrail-section"
      >
        <FontAwesomeIcon
          border={false}
          className=""
          fixedWidth={false}
          flip={null}
          icon="chevron-left"
          inverse={false}
          listItem={false}
          mask={null}
          pull={null}
          pulse={false}
          rotation={null}
          size="lg"
          spin={false}
          swapOpacity={false}
          symbol={false}
          title=""
          transform={null}
        />
      </a>
      <button
        onClick={[Function]}
      >
        <img
          alt="linus-logo"
          src="linus-logo.png"
        />
      </button>
      <a
        href="#spanimals-section"
      >
        <FontAwesomeIcon
          border={false}
          className=""
          fixedWidth={false}
          flip={null}
          icon="chevron-right"
          inverse={false}
          listItem={false}
          mask={null}
          pull={null}
          pulse={false}
          rotation={null}
          size="lg"
          spin={false}
          swapOpacity={false}
          symbol={false}
          title=""
          transform={null}
        />
      </a>
    </div>
    <p>
      Linus is a personal bartender for your home. With Linus you can add your favorite and current spirits in the liquor cabinet to your digital cabinet, and Linus will show you what cocktails you can make with your spirits and how! You will also be able to search for recipes by spirit type and make a shortlist of your favorite ones to try later.
    </p>
  </div>
  <div
    className="tech-logos"
  >
    <FontAwesomeIcon
      border={false}
      className=""
      fixedWidth={false}
      flip={null}
      icon={
        Array [
          "fab",
          "react",
        ]
      }
      inverse={false}
      listItem={false}
      mask={null}
      pull={null}
      pulse={false}
      rotation={null}
      size="2x"
      spin={false}
      swapOpacity={false}
      symbol={false}
      title=""
      transform={null}
    />
    <FontAwesomeIcon
      border={false}
      className=""
      fixedWidth={false}
      flip={null}
      icon={
        Array [
          "fab",
          "css3",
        ]
      }
      inverse={false}
      listItem={false}
      mask={null}
      pull={null}
      pulse={false}
      rotation={null}
      size="2x"
      spin={false}
      swapOpacity={false}
      symbol={false}
      title=""
      transform={null}
    />
    <FontAwesomeIcon
      border={false}
      className=""
      fixedWidth={false}
      flip={null}
      icon={
        Array [
          "fab",
          "node-js",
        ]
      }
      inverse={false}
      listItem={false}
      mask={null}
      pull={null}
      pulse={false}
      rotation={null}
      size="2x"
      spin={false}
      swapOpacity={false}
      symbol={false}
      title=""
      transform={null}
    />
    <FontAwesomeIcon
      border={false}
      className=""
      fixedWidth={false}
      flip={null}
      icon={
        Array [
          "fas",
          "database",
        ]
      }
      inverse={false}
      listItem={false}
      mask={null}
      pull={null}
      pulse={false}
      rotation={null}
      size="2x"
      spin={false}
      swapOpacity={false}
      symbol={false}
      title=""
      transform={null}
    />
  </div>
  <div
    className="extra-tech"
  >
    <ul>
      <li>
        Express
      </li>
      <li>
        Mocha
      </li>
      <li>
        Chai
      </li>
      <li>
        Jest
      </li>
    </ul>
  </div>
</section>
`;
