// Jest Snapshot v1, https://goo.gl/fbAQLP

exports[`<Landing /> renders by default 1`] = `
<section
  className="project-landing-section snap"
  id="project-landing-section"
>
  <div
    className="project-landing-title"
  >
    <div />
    <div
      className="project-landing-circle"
    >
      <h2>
        Projects
      </h2>
    </div>
    <a
      href="#qtrail-section"
    >
      <FontAwesomeIcon
        border={false}
        className=""
        fixedWidth={false}
        flip={null}
        icon="chevron-right"
        inverse={false}
        listItem={false}
        mask={null}
        pull={null}
        pulse={false}
        rotation={null}
        size="lg"
        spin={false}
        swapOpacity={false}
        symbol={false}
        title=""
        transform={null}
      />
    </a>
  </div>
</section>
`;
